OPEN HOURS: Opening hours: 08:00:00 - 16:00:00
OPEN DAYS: Opening days: ['mon', 'wed', 'fri']

2016-05-11T12:22:11.824Z (wed) => 2016-05-13T08:00:00+00:00Z
