{'wednesday': True, 'wednesday_after_hours': False, 'thursday': False}
