CONFIG:
DAYS OPEN: Mon,Wed,Fri
HOURS OPEN: 08:00 - 16:00
Next open day for 2016-05-16T12:22:11.824Z (Mon) => 2016-05-18T12:22:11.824Z (Wed)
Next open day for 2016-05-17T12:22:11.824Z (Tue) => 2016-05-18T12:22:11.824Z (Wed)
Next open day for 2016-05-22T12:22:11.824Z (Sun) => 2016-05-23T12:22:11.824Z (Mon)
