CONFIG:
DAYS OPEN: Mon,Wed,Fri
HOURS OPEN: 08:00 - 16:00
Open on: 2016-05-10T22:29:11.824Z (Wed 07:59)? CLOSED
Open on: 2016-05-10T22:30:11.824Z (Wed 08:00)? OPEN
Open on: 2016-05-10T22:31:11.824Z (Wed 08:01)? OPEN
Open on: 2016-05-11T06:29:11.824Z (Wed 15:59)? OPEN
Open on: 2016-05-11T06:30:11.824Z (Wed 16:00)? CLOSED
