CONFIG:
DAYS OPEN: Mon,Wed,Fri
HOURS OPEN: 08:00 - 16:00
2016-05-16T12:22:11.824Z (Mon) => 2016-05-17T12:22:11.824Z
