CONFIG:
DAYS OPEN: Mon,Wed,Fri
HOURS OPEN: 08:00 - 16:00
Wed 06:52 am => CLOSED
Wed 08:19 am => OPEN
Wed 08:19 am => OPEN
