CONFIG:
DAYS OPEN: mon,wed,friMonday => CLOSED
Wednesday => CLOSED
